[curso.adonabella.com/index.html]
[backblue.gif]
[fade.gif]
[index.html]
[s3-eu-west-1.amazonaws.com/landingi-editor-uploads/BG4rRx9i/WhatsApp_Image_2020_08_12_at_3.16.02_PM.jpeg.png]
[styles.assets-landingi.com/assets/css/2.11-landend-base.css]
[styles.assets-landingi.com/BKxle0DK/base.css]
[scripts.assets-landingi.com/lightboxes/lightbox-render5677.js]
[images.assets-landingi.com/ytXh5hAU2Qvdc1C4/Texto_do_seu_par_grafo_3_.png]
[images.assets-landingi.com/a77hbXgcg70rZDjy/11.png]
[images.assets-landingi.com/Fubz6iK0K8tnA8le/13.png]
[images.assets-landingi.com/X5VBeZf1iAZ5pYmH/11.png]
[images.assets-landingi.com/iLHMhQkb6zcGB4HV/ss.png]
[images.assets-landingi.com/SO5Mv0aPJw8viXhf/PhotoRoom_20200419_111412.png]
[images.assets-landingi.com/7OKI3UaII3f1s5KO/PhotoRoom_20200605_205012.png]
[images.assets-landingi.com/FOmJPyfkgGq5Tq3J/Prancheta_1.png]
[images.assets-landingi.com/WyLnnvXbjmu1366c/11.png]
[images.assets-landingi.com/mBLcFFJNnHtC4YTH/dcf.png]
[images.assets-landingi.com/5lvJn9HHJeQUhogN/Fio_a_Fio_1024x1024.png]
[images.assets-landingi.com/j7fM3T4JfY1f0d3f/Volume_Russo_1024x1024.png]
[images.assets-landingi.com/qtFzavtRdHTh5pM7/Hibrido_1024x1024.png]
[images.assets-landingi.com/M4TBkNPIJPKjlLiT/Volume_Fast_1024x1024.png]
[images.assets-landingi.com/mMY84IW0eD49p3Ga/Lash_Lifting_1024x1024.png]
[images.assets-landingi.com/rfxyATQrS76yVCdl/WhatsApp_Image_2020_08_17_at_1.58.49_PM.jpg]
[images.assets-landingi.com/1iPf14Jgl7AGVXXQ/ss.png]
[images.assets-landingi.com/mc1aDTi072er9DEw/11.png]
[images.assets-landingi.com/F7eLhxk3RmhldeZF/dcf.png]
[images.assets-landingi.com/wt8zpFY1hJyMSRfR/xcx.jpg]
[images.assets-landingi.com/k5RhWB4iZusN7FFb/sdsfs.jpg]
[images.assets-landingi.com/6BVezJf3VCR0JhkU/fsds.jpg]
[images.assets-landingi.com/K1Pb7oueXuV6XNO9/fsdd.jpg]
[images.assets-landingi.com/zu6XxsnCQuIL3SNj/dssa.jpg]
[images.assets-landingi.com/XwrMRZzQhCtPOb96/desd.jpg]
[images.assets-landingi.com/IcWsEmCQf3u9Mfel/daws.jpg]
[images.assets-landingi.com/rP6NpO99SdpmFZS1/dfdfd.jpg]
[images.assets-landingi.com/rMl4iA31BT8GGLA8/Sem_T_tulo_1Prancheta_4.png]
[images.assets-landingi.com/nMr2Vr3v219Kvcy1/Sem_T_tulo_1Prancheta_3.png]
[images.assets-landingi.com/rXEIh50aXyd9TD3r/Sem_T_tulo_1Prancheta_6.png]
[images.assets-landingi.com/zyRolYUrDf33nfm9/phonemockup.png]
[images.assets-landingi.com/BBsQ5siE75QXAifc/phonemockup.png]
[images.assets-landingi.com/slL0BKHuEo9DOesc/11.png]
[images.assets-landingi.com/UgSNl11Viv5OQv9D/phonemockup.png]
[images.assets-landingi.com/Z4JsvePi94fSAZ5s/ATELIE_2.png]
[images.assets-landingi.com/Kb503px4ljokq9Ma/11.png]
[images.assets-landingi.com/rG4bN5rMQrva3wk5/11.png]
[images.assets-landingi.com/iu6lLnEJ96DO0hEv/meio.png]
[images.assets-landingi.com/JcCJjdnozr5n1QAX/11.png]
[images.assets-landingi.com/IQY055R1iTlpLG0N/EE.png]
[images.assets-landingi.com/2xqV2r9sdpTbJ2NC/forma_pagamento_1_1_1024x112_1_.png]
[images.assets-landingi.com/0Jsq7zPVZtP6K0ad/compra_segura_hotmart_w1000.png]
[images.assets-landingi.com/3lESBuuvKGFYPBgn/6.png]
[images.assets-landingi.com/dp67bHkgdWBESrTd/7.png]
[images.assets-landingi.com/4KWy0oEwyuLt82uH/4.png]
[ajax.googleapis.com/ajax/libs/jquery/1.9.1/jquery.min.js]
[old.assets-landingi.com/bootstrap/js/landend.bootstrap.min.js]
[old.assets-landingi.com/bootstrap/js/bootbox.min.js]
[old.assets-landingi.com/js/landing.js]
[old.assets-landingi.com/assets/js/dist/landend/301019/landend.js]
[old.assets-landingi.com/assets/js/landend/anchors/v02.js]
[old.assets-landingi.com/assets/js/landend/190819/landend.js]
[old.assets-landingi.com/assets/js/landend/260820/validation.js]
[old.assets-landingi.com/assets/js/vendor/jquery-form/jquery.form.min.js]
[scripts.assets-landingi.com/landend/030820/files.js]
[connect.facebook.net/en_US/fbevents.js]
[curso.adonabella.com/index.html]
[s3-eu-west-1.amazonaws.com/landingi-ftp/script/wow/animate.css]
[styles.assets-landingi.com/assets/css/2.11-landend-base.css]
[scripts.assets-landingi.com/video-bg/v0.5/videoBackground.js]
[images.assets-landingi.com/YtpACVTL/Sem_T_tulo_1.png]
[styles.assets-landingi.com/BKxle0DK/base.css]
[old.assets-landingi.com/bootstrap/js/landend.bootstrap.min.js]
[old.assets-landingi.com/bootstrap/js/bootbox.min.js]
[old.assets-landingi.com/js/landing.js]
[s3-eu-west-1.amazonaws.com/landingi-ftp/script/wow/wow.min.js]
[curso.adonabella.com/POST.42.delayed]
[connect.facebook.net/en_US/fbevents.js]
[launcher.hotmart.com/launcher.js]
[curso.adonabella.com/POST.html]
